a,2
b,
c,1
d,11
e,4
f,
g,8
h,
i,7
l,13
m,9
n,10
o,12
p,
q,
r,6
s,3
t,5
u,14
v,
z,